PORTFOLIO SUMMARY
========================================================================
As of                       : 2026-01-28
Number of stocks            : 1,999
Weighted average market cap : $52.57B
Ticker coverage             : 1,984/1,999
Capital                     : $295,670,744.67
Daily return                : 0.05%
Daily turnover              : 23.97%
Market value                : $1,302,036.98
Market value change         : $575,041.29

Position differences written to: C:\Users\FrancisWu\OneDrive - Five Dimensions Energy\Risk Framework\port_data\position_diff_20260128.csv

RISK METRICS
========================================================================================
Long exposure            :      $148,486,390.82 (  50.22%)
Short exposure           :     $-147,184,353.84 ( -49.78%)
Gross exposure           :      $295,670,744.67 ( 100.00%)
Net exposure             :        $1,302,036.98 (   0.44%)
Beta exposure            :               0.0037
Annualized volatility    :                1.12%
Daily volatility         :                0.07%
1-day 95% VaR            :          $341,679.61
Covariance coverage      :      1,984/1,999

SECTOR EXPOSURES
----------------------------------------------------------------------------------------
                        long  short    net  gross
sector                                           
Financial Services     9.15% -8.96%  0.19% 18.11%
Industrials            8.18% -8.32% -0.14% 16.51%
Technology             8.01% -7.11%  0.90% 15.11%
Healthcare             5.68% -5.69% -0.01% 11.37%
Consumer Cyclical      5.53% -5.55% -0.02% 11.08%
Real Estate            3.30% -3.91% -0.61%  7.22%
Consumer Defensive     2.89% -3.02% -0.13%  5.91%
Basic Materials        2.47% -1.99%  0.48%  4.45%
Energy                 1.73% -1.97% -0.24%  3.71%
Communication Services 1.71% -1.75% -0.04%  3.46%
Utilities              1.58% -1.49%  0.08%  3.07%
Unclassified           0.00% -0.02% -0.02%  0.02%

FACTOR EXPOSURES
----------------------------------------------------------------------------------------
           exposure ticker_coverage
size        -0.0004           1,984
value       +0.0143           1,889
momentum    +0.0202           1,984
volatility  -0.0055           1,984
liquidity   +0.0028           1,984

TOP 20 COMPONENT RISK CONTRIBUTIONS
----------------------------------------------------------------------------------------
        weight  beta beta_contribution component_contribution percentage_contribution
ticker                                                                               
ALGN   -0.183% 1.248           -0.0023                +0.019%                  +1.74%
IQV    -0.230% 1.044           -0.0024                +0.019%                  +1.73%
LITE   +0.141% 2.305           +0.0032                +0.018%                  +1.65%
CAH    +0.248% 0.340           +0.0008                +0.018%                  +1.65%
ALNY   +0.181% 0.887           +0.0016                +0.018%                  +1.59%
HRI    -0.136% 1.630           -0.0022                +0.016%                  +1.48%
CRL    -0.107% 1.391           -0.0015                +0.016%                  +1.42%
W      -0.128% 2.488           -0.0032                +0.015%                  +1.38%
MPWR   -0.242% 2.190           -0.0053                +0.015%                  +1.36%
RKT    -0.108% 0.728           -0.0008                +0.015%                  +1.33%
PM     +0.206% 0.097           +0.0002                +0.014%                  +1.26%
FOR    -0.126% 0.805           -0.0010                +0.012%                  +1.09%
SPOT   +0.151% 0.964           +0.0015                +0.012%                  +1.09%
RVTY   -0.137% 1.148           -0.0016                +0.012%                  +1.08%
UHS    +0.175% 0.664           +0.0012                +0.012%                  +1.07%
NFE    -0.058% 2.199           -0.0013                +0.011%                  +1.02%
EQT    +0.142% 0.751           +0.0011                +0.011%                  +0.99%
FLS    +0.197% 1.499           +0.0030                +0.011%                  +0.98%
ICLR   -0.093% 0.982           -0.0009                +0.011%                  +0.97%
DD     +0.375% 1.344           +0.0050                +0.011%                  +0.95%

Risk contributions written to: C:\Users\FrancisWu\OneDrive - Five Dimensions Energy\Risk Framework\port_data\risk_contribution_20260128.csv
