PORTFOLIO SUMMARY
========================================================================
As of                       : 2026-01-29
Number of stocks            : 1,996
Weighted average market cap : $54.53B
Ticker coverage             : 1,982/1,996
Capital                     : $297,074,958.92
Daily return                : 0.47%
Daily turnover              : 21.99%
Market value                : $545,175.19
Market value change         : $-756,861.78

Position differences written to: C:\Users\FrancisWu\OneDrive - Five Dimensions Energy\Risk Framework\port_data\position_diff_20260129.csv

RISK METRICS
========================================================================================
Long exposure            :      $148,810,067.06 (  50.09%)
Short exposure           :     $-148,264,891.86 ( -49.91%)
Gross exposure           :      $297,074,958.92 ( 100.00%)
Net exposure             :          $545,175.19 (   0.18%)
Beta exposure            :               0.0000
Annualized volatility    :                1.16%
Daily volatility         :                0.07%
1-day 95% VaR            :          $355,979.57
Covariance coverage      :      1,982/1,996

SECTOR EXPOSURES
----------------------------------------------------------------------------------------
                        long  short    net  gross
sector                                           
Financial Services     9.05% -8.90%  0.14% 17.95%
Industrials            8.11% -8.04%  0.07% 16.15%
Technology             7.86% -7.13%  0.73% 14.99%
Healthcare             5.82% -5.71%  0.11% 11.53%
Consumer Cyclical      5.48% -5.64% -0.16% 11.12%
Real Estate            3.51% -4.18% -0.67%  7.68%
Consumer Defensive     2.80% -2.80%  0.00%  5.60%
Basic Materials        2.48% -2.12%  0.36%  4.61%
Utilities              1.78% -1.75%  0.03%  3.53%
Communication Services 1.61% -1.75% -0.15%  3.36%
Energy                 1.59% -1.76% -0.17%  3.36%
Unclassified           0.00% -0.12% -0.12%  0.12%

FACTOR EXPOSURES
----------------------------------------------------------------------------------------
           exposure ticker_coverage
size        -0.0061           1,982
value       +0.0108           1,886
momentum    +0.0217           1,982
volatility  -0.0097           1,982
liquidity   +0.0016           1,982

TOP 20 COMPONENT RISK CONTRIBUTIONS
----------------------------------------------------------------------------------------
        weight  beta beta_contribution component_contribution percentage_contribution
ticker                                                                               
MPWR   -0.247% 2.187           -0.0054                +0.019%                  +1.62%
WWW    -0.101% 1.774           -0.0018                +0.017%                  +1.46%
CAH    +0.238% 0.346           +0.0008                +0.017%                  +1.45%
LITE   +0.139% 2.301           +0.0032                +0.016%                  +1.43%
IQV    -0.229% 1.051           -0.0024                +0.016%                  +1.35%
W      -0.109% 2.493           -0.0027                +0.014%                  +1.22%
PM     +0.218% 0.101           +0.0002                +0.013%                  +1.14%
POOL   -0.135% 0.714           -0.0010                +0.013%                  +1.14%
TTEK   -0.147% 0.492           -0.0007                +0.013%                  +1.09%
UHS    +0.172% 0.669           +0.0012                +0.013%                  +1.09%
MAN    -0.115% 0.956           -0.0011                +0.012%                  +1.06%
PHM    -0.133% 0.747           -0.0010                +0.012%                  +1.05%
HRI    -0.116% 1.637           -0.0019                +0.012%                  +1.04%
FOR    -0.117% 0.805           -0.0009                +0.012%                  +1.03%
TW     +0.180% 0.430           +0.0008                +0.012%                  +1.02%
RKT    -0.104% 0.725           -0.0008                +0.012%                  +1.02%
CRS    +0.126% 1.480           +0.0019                +0.012%                  +1.01%
ALNY   +0.165% 0.888           +0.0015                +0.011%                  +0.99%
CCS    -0.105% 0.697           -0.0007                +0.011%                  +0.99%
EQT    +0.134% 0.746           +0.0010                +0.011%                  +0.97%

Risk contributions written to: C:\Users\FrancisWu\OneDrive - Five Dimensions Energy\Risk Framework\port_data\risk_contribution_20260129.csv
