PORTFOLIO SUMMARY
========================================================================
As of                       : 2026-01-29
Number of stocks            : 994
Weighted average market cap : $47.76B
Ticker coverage             : 978/994
Capital                     : $148,810,067.06
Daily return                : 0.11%
Daily turnover              : 24.63%
Market value                : $148,810,067.06
Market value change         : $323,676.24

Position differences written to: C:\Users\FrancisWu\OneDrive - Five Dimensions Energy\Risk Framework\port_data\position_diff_long_positions_20260129.csv

RISK METRICS
========================================================================================
Long exposure            :      $148,810,067.06 ( 100.00%)
Short exposure           :                $0.00 (   0.00%)
Gross exposure           :      $148,810,067.06 ( 100.00%)
Net exposure             :      $148,810,067.06 ( 100.00%)
Beta exposure            :               0.9675
Annualized volatility    :               19.62%
Daily volatility         :                1.24%
1-day 95% VaR            :        $3,024,586.14
Covariance coverage      :        978/994

SECTOR EXPOSURES
----------------------------------------------------------------------------------------
                         long short    net  gross
sector                                           
Financial Services     18.06% 0.00% 18.06% 18.06%
Industrials            16.20% 0.00% 16.20% 16.20%
Technology             15.69% 0.00% 15.69% 15.69%
Healthcare             11.62% 0.00% 11.62% 11.62%
Consumer Cyclical      10.94% 0.00% 10.94% 10.94%
Real Estate             7.01% 0.00%  7.01%  7.01%
Consumer Defensive      5.59% 0.00%  5.59%  5.59%
Basic Materials         4.96% 0.00%  4.96%  4.96%
Utilities               3.55% 0.00%  3.55%  3.55%
Communication Services  3.21% 0.00%  3.21%  3.21%
Energy                  3.18% 0.00%  3.18%  3.18%
Unclassified            0.00% 0.00%  0.00%  0.00%

FACTOR EXPOSURES
----------------------------------------------------------------------------------------
           exposure ticker_coverage
size        +0.4654             978
value       -0.1291             935
momentum    -0.0878             978
volatility  -0.2533             978
liquidity   +0.4000             978

TOP 20 COMPONENT RISK CONTRIBUTIONS
----------------------------------------------------------------------------------------
        weight  beta beta_contribution component_contribution percentage_contribution
ticker                                                                               
DD     +0.615% 1.395           +0.0086                +0.175%                  +0.89%
CG     +0.406% 1.791           +0.0073                +0.142%                  +0.73%
DELL   +0.413% 1.834           +0.0076                +0.131%                  +0.67%
FLS    +0.464% 1.535           +0.0071                +0.130%                  +0.66%
VFC    +0.237% 2.556           +0.0061                +0.129%                  +0.66%
WCC    +0.363% 1.629           +0.0059                +0.119%                  +0.61%
EQH    +0.426% 1.374           +0.0059                +0.116%                  +0.59%
LSCC   +0.275% 2.176           +0.0060                +0.112%                  +0.57%
OMF    +0.354% 1.535           +0.0054                +0.109%                  +0.56%
LITE   +0.277% 2.382           +0.0066                +0.109%                  +0.55%
QCOM   +0.379% 1.520           +0.0058                +0.106%                  +0.54%
HPQ    +0.390% 1.263           +0.0049                +0.103%                  +0.52%
ITT    +0.443% 1.237           +0.0055                +0.102%                  +0.52%
IRM    +0.505% 1.046           +0.0053                +0.102%                  +0.52%
CFG    +0.361% 1.295           +0.0047                +0.098%                  +0.50%
MRVL   +0.261% 2.323           +0.0061                +0.097%                  +0.49%
ALB    +0.282% 1.730           +0.0049                +0.094%                  +0.48%
MCHP   +0.215% 2.296           +0.0049                +0.094%                  +0.48%
TGLS   +0.361% 1.191           +0.0043                +0.092%                  +0.47%
PNFP   +0.340% 1.272           +0.0043                +0.092%                  +0.47%

Risk contributions written to: C:\Users\FrancisWu\OneDrive - Five Dimensions Energy\Risk Framework\port_data\risk_contribution_long_positions_20260129.csv
