PORTFOLIO SUMMARY
========================================================================
As of                       : 2026-01-29
Number of stocks            : 2,013
Weighted average market cap : $54.51B
Ticker coverage             : 1,983/2,013
Capital                     : $297,188,765.99
Daily return                : -0.04%
Daily turnover              : 21.99%
Market value                : $431,368.12
Market value change         : $-643,326.57

Position differences written to: C:\Users\FrancisWu\OneDrive - Five Dimensions Energy\Risk Framework\port_data\position_diff_20260129.csv

RISK METRICS
========================================================================================
Long exposure            :      $148,810,067.06 (  50.07%)
Short exposure           :     $-148,378,698.93 ( -49.93%)
Gross exposure           :      $297,188,765.99 ( 100.00%)
Net exposure             :          $431,368.12 (   0.15%)
Beta exposure            :              -0.0006
Annualized volatility    :                1.16%
Daily volatility         :                0.07%
1-day 95% VaR            :          $356,317.63
Covariance coverage      :      1,983/2,013

SECTOR EXPOSURES
----------------------------------------------------------------------------------------
                        long  short    net  gross
sector                                           
Financial Services     9.05% -8.90%  0.14% 17.95%
Industrials            8.11% -8.08%  0.03% 16.19%
Technology             7.85% -7.13%  0.73% 14.98%
Healthcare             5.82% -5.71%  0.11% 11.52%
Consumer Cyclical      5.48% -5.64% -0.16% 11.12%
Real Estate            3.51% -4.17% -0.67%  7.68%
Consumer Defensive     2.80% -2.80%  0.00%  5.59%
Basic Materials        2.48% -2.12%  0.36%  4.60%
Utilities              1.78% -1.75%  0.03%  3.53%
Communication Services 1.61% -1.75% -0.15%  3.36%
Energy                 1.59% -1.76% -0.17%  3.36%
Unclassified           0.00% -0.12% -0.12%  0.12%

FACTOR EXPOSURES
----------------------------------------------------------------------------------------
           exposure ticker_coverage
size        -0.0057           1,983
value       +0.0112           1,892
momentum    +0.0210           1,983
volatility  -0.0099           1,983
liquidity   +0.0018           1,983

TOP 20 COMPONENT RISK CONTRIBUTIONS
----------------------------------------------------------------------------------------
        weight  beta beta_contribution component_contribution percentage_contribution
ticker                                                                               
MPWR   -0.247% 2.187           -0.0054                +0.020%                  +1.72%
WWW    -0.101% 1.774           -0.0018                +0.017%                  +1.50%
CAH    +0.237% 0.346           +0.0008                +0.017%                  +1.44%
IQV    -0.228% 1.051           -0.0024                +0.016%                  +1.41%
LITE   +0.139% 2.301           +0.0032                +0.016%                  +1.36%
W      -0.109% 2.493           -0.0027                +0.015%                  +1.28%
POOL   -0.134% 0.714           -0.0010                +0.013%                  +1.16%
PM     +0.218% 0.101           +0.0002                +0.013%                  +1.14%
TTEK   -0.147% 0.492           -0.0007                +0.013%                  +1.10%
HRI    -0.116% 1.637           -0.0019                +0.013%                  +1.09%
MAN    -0.115% 0.956           -0.0011                +0.013%                  +1.08%
PHM    -0.133% 0.747           -0.0010                +0.012%                  +1.07%
FOR    -0.117% 0.805           -0.0009                +0.012%                  +1.06%
UHS    +0.172% 0.669           +0.0012                +0.012%                  +1.05%
RKT    -0.104% 0.725           -0.0008                +0.012%                  +1.04%
CCS    -0.105% 0.697           -0.0007                +0.012%                  +1.01%
TW     +0.180% 0.430           +0.0008                +0.012%                  +1.00%
WSM    -0.149% 1.398           -0.0021                +0.011%                  +0.98%
CRS    +0.126% 1.480           +0.0019                +0.011%                  +0.97%
CRL    -0.102% 1.398           -0.0014                +0.011%                  +0.97%

Risk contributions written to: C:\Users\FrancisWu\OneDrive - Five Dimensions Energy\Risk Framework\port_data\risk_contribution_20260129.csv
PORTFOLIO SUMMARY
========================================================================
As of                       : 2026-01-29
Number of stocks            : 2,013
Weighted average market cap : $54.51B
Ticker coverage             : 1,983/2,013
Capital                     : $297,188,765.99
Daily return                : -0.04%
Daily turnover              : 21.99%
Market value                : $431,368.12
Market value change         : $-643,326.57

Position differences written to: C:\Users\FrancisWu\OneDrive - Five Dimensions Energy\Risk Framework\port_data\position_diff_20260129.csv

RISK METRICS
========================================================================================
Long exposure            :      $148,810,067.06 (  50.07%)
Short exposure           :     $-148,378,698.93 ( -49.93%)
Gross exposure           :      $297,188,765.99 ( 100.00%)
Net exposure             :          $431,368.12 (   0.15%)
Beta exposure            :              -0.0006
Annualized volatility    :                1.16%
Daily volatility         :                0.07%
1-day 95% VaR            :          $356,317.63
Covariance coverage      :      1,983/2,013

SECTOR EXPOSURES
----------------------------------------------------------------------------------------
                        long  short    net  gross
sector                                           
Financial Services     9.05% -8.90%  0.14% 17.95%
Industrials            8.11% -8.08%  0.03% 16.19%
Technology             7.85% -7.13%  0.73% 14.98%
Healthcare             5.82% -5.71%  0.11% 11.52%
Consumer Cyclical      5.48% -5.64% -0.16% 11.12%
Real Estate            3.51% -4.17% -0.67%  7.68%
Consumer Defensive     2.80% -2.80%  0.00%  5.59%
Basic Materials        2.48% -2.12%  0.36%  4.60%
Utilities              1.78% -1.75%  0.03%  3.53%
Communication Services 1.61% -1.75% -0.15%  3.36%
Energy                 1.59% -1.76% -0.17%  3.36%
Unclassified           0.00% -0.12% -0.12%  0.12%

FACTOR EXPOSURES
----------------------------------------------------------------------------------------
           exposure ticker_coverage
size        -0.0057           1,983
value       +0.0112           1,892
momentum    +0.0210           1,983
volatility  -0.0099           1,983
liquidity   +0.0018           1,983

TOP 20 COMPONENT RISK CONTRIBUTIONS
----------------------------------------------------------------------------------------
        weight  beta beta_contribution component_contribution percentage_contribution
ticker                                                                               
MPWR   -0.247% 2.187           -0.0054                +0.020%                  +1.72%
WWW    -0.101% 1.774           -0.0018                +0.017%                  +1.50%
CAH    +0.237% 0.346           +0.0008                +0.017%                  +1.44%
IQV    -0.228% 1.051           -0.0024                +0.016%                  +1.41%
LITE   +0.139% 2.301           +0.0032                +0.016%                  +1.36%
W      -0.109% 2.493           -0.0027                +0.015%                  +1.28%
POOL   -0.134% 0.714           -0.0010                +0.013%                  +1.16%
PM     +0.218% 0.101           +0.0002                +0.013%                  +1.14%
TTEK   -0.147% 0.492           -0.0007                +0.013%                  +1.10%
HRI    -0.116% 1.637           -0.0019                +0.013%                  +1.09%
MAN    -0.115% 0.956           -0.0011                +0.013%                  +1.08%
PHM    -0.133% 0.747           -0.0010                +0.012%                  +1.07%
FOR    -0.117% 0.805           -0.0009                +0.012%                  +1.06%
UHS    +0.172% 0.669           +0.0012                +0.012%                  +1.05%
RKT    -0.104% 0.725           -0.0008                +0.012%                  +1.04%
CCS    -0.105% 0.697           -0.0007                +0.012%                  +1.01%
TW     +0.180% 0.430           +0.0008                +0.012%                  +1.00%
WSM    -0.149% 1.398           -0.0021                +0.011%                  +0.98%
CRS    +0.126% 1.480           +0.0019                +0.011%                  +0.97%
CRL    -0.102% 1.398           -0.0014                +0.011%                  +0.97%

Risk contributions written to: C:\Users\FrancisWu\OneDrive - Five Dimensions Energy\Risk Framework\port_data\risk_contribution_20260129.csv
