PORTFOLIO SUMMARY
========================================================================
As of                       : 2026-01-30
Number of stocks            : 1,028
Weighted average market cap : $47.14B
Ticker coverage             : 1,012/1,028
Capital                     : $148,428,807.15
Daily return                : 0.64%
Daily turnover              : 27.51%
Market value                : $-148,428,807.15
Market value change         : $-50,108.21

Position differences written to: C:\Users\FrancisWu\OneDrive - Five Dimensions Energy\Risk Framework\port_data\position_diff_short_positions_20260130.csv

RISK METRICS
========================================================================================
Long exposure            :                $0.00 (   0.00%)
Short exposure           :     $-148,428,807.15 (-100.00%)
Gross exposure           :      $148,428,807.15 ( 100.00%)
Net exposure             :     $-148,428,807.15 (-100.00%)
Beta exposure            :              -0.9805
Annualized volatility    :               20.02%
Daily volatility         :                1.26%
1-day 95% VaR            :        $3,079,326.38
Covariance coverage      :      1,012/1,028

SECTOR EXPOSURES
----------------------------------------------------------------------------------------
                        long   short     net  gross
sector                                             
Financial Services     0.00% -17.76% -17.76% 17.76%
Industrials            0.00% -15.47% -15.47% 15.47%
Technology             0.00% -14.41% -14.41% 14.41%
Healthcare             0.00% -11.97% -11.97% 11.97%
Consumer Cyclical      0.00% -11.34% -11.34% 11.34%
Real Estate            0.00%  -8.17%  -8.17%  8.17%
Consumer Defensive     0.00%  -5.36%  -5.36%  5.36%
Energy                 0.00%  -4.18%  -4.18%  4.18%
Basic Materials        0.00%  -4.15%  -4.15%  4.15%
Utilities              0.00%  -3.63%  -3.63%  3.63%
Communication Services 0.00%  -3.39%  -3.39%  3.39%
Unclassified           0.00%  -0.15%  -0.15%  0.15%

FACTOR EXPOSURES
----------------------------------------------------------------------------------------
           exposure ticker_coverage
size        -0.4598           1,012
value       +0.1197             959
momentum    -0.1010           1,012
volatility  +0.2661           1,012
liquidity   -0.3672           1,012

TOP 20 COMPONENT RISK CONTRIBUTIONS
----------------------------------------------------------------------------------------
        weight  beta beta_contribution component_contribution percentage_contribution
ticker                                                                               
MPWR   -0.404% 2.244           -0.0091                +0.165%                  +0.82%
HOOD   -0.367% 2.640           -0.0097                +0.158%                  +0.79%
TPG    -0.446% 1.631           -0.0073                +0.144%                  +0.72%
BX     -0.409% 1.570           -0.0064                +0.127%                  +0.64%
KKR    -0.344% 1.834           -0.0063                +0.123%                  +0.62%
PLTR   -0.370% 2.084           -0.0077                +0.118%                  +0.59%
ZBRA   -0.310% 1.759           -0.0054                +0.109%                  +0.55%
WSM    -0.351% 1.457           -0.0051                +0.108%                  +0.54%
IQV    -0.448% 1.093           -0.0049                +0.107%                  +0.54%
AMKR   -0.269% 2.102           -0.0057                +0.106%                  +0.53%
SMR    -0.274% 2.401           -0.0066                +0.106%                  +0.53%
ALGN   -0.345% 1.324           -0.0046                +0.104%                  +0.52%
HRI    -0.265% 1.756           -0.0047                +0.103%                  +0.52%
OVV    -0.356% 1.471           -0.0052                +0.101%                  +0.51%
NXPI   -0.278% 1.871           -0.0052                +0.100%                  +0.50%
SGI    -0.457% 1.032           -0.0047                +0.098%                  +0.49%
HLT    -0.506% 0.960           -0.0049                +0.097%                  +0.48%
FERG   -0.456% 1.001           -0.0046                +0.097%                  +0.48%
HAL    -0.358% 1.287           -0.0046                +0.095%                  +0.47%
DOV    -0.411% 1.129           -0.0046                +0.095%                  +0.47%

Risk contributions written to: C:\Users\FrancisWu\OneDrive - Five Dimensions Energy\Risk Framework\port_data\risk_contribution_short_positions_20260130.csv
