PORTFOLIO SUMMARY
========================================================================
As of                       : 2026-01-30
Number of stocks            : 984
Weighted average market cap : $41.90B
Ticker coverage             : 970/984
Capital                     : $148,127,619.63
Daily return                : -0.49%
Daily turnover              : 27.99%
Market value                : $148,127,619.63
Market value change         : $-682,447.43

Position differences written to: C:\Users\FrancisWu\OneDrive - Five Dimensions Energy\Risk Framework\port_data\position_diff_long_positions_20260130.csv

RISK METRICS
========================================================================================
Long exposure            :      $148,127,619.63 ( 100.00%)
Short exposure           :                $0.00 (   0.00%)
Gross exposure           :      $148,127,619.63 ( 100.00%)
Net exposure             :      $148,127,619.63 ( 100.00%)
Beta exposure            :               0.9757
Annualized volatility    :               19.80%
Daily volatility         :                1.25%
1-day 95% VaR            :        $3,038,370.14
Covariance coverage      :        970/984

SECTOR EXPOSURES
----------------------------------------------------------------------------------------
                         long short    net  gross
sector                                           
Financial Services     18.15% 0.00% 18.15% 18.15%
Industrials            16.14% 0.00% 16.14% 16.14%
Technology             14.92% 0.00% 14.92% 14.92%
Healthcare             11.96% 0.00% 11.96% 11.96%
Consumer Cyclical      10.80% 0.00% 10.80% 10.80%
Real Estate             7.25% 0.00%  7.25%  7.25%
Consumer Defensive      5.52% 0.00%  5.52%  5.52%
Basic Materials         4.41% 0.00%  4.41%  4.41%
Energy                  4.10% 0.00%  4.10%  4.10%
Utilities               3.63% 0.00%  3.63%  3.63%
Communication Services  3.13% 0.00%  3.13%  3.13%
Unclassified            0.00% 0.00%  0.00%  0.00%

FACTOR EXPOSURES
----------------------------------------------------------------------------------------
           exposure ticker_coverage
size        +0.4258             970
value       -0.1419             932
momentum    -0.0655             970
volatility  -0.2403             970
liquidity   +0.3674             970

TOP 20 COMPONENT RISK CONTRIBUTIONS
----------------------------------------------------------------------------------------
        weight  beta beta_contribution component_contribution percentage_contribution
ticker                                                                               
MCHP   +0.303% 2.302           +0.0070                +0.133%                  +0.67%
FLS    +0.459% 1.535           +0.0070                +0.130%                  +0.66%
EQH    +0.465% 1.373           +0.0064                +0.127%                  +0.64%
LRCX   +0.373% 1.990           +0.0074                +0.126%                  +0.64%
DELL   +0.377% 1.841           +0.0069                +0.121%                  +0.61%
VFC    +0.222% 2.554           +0.0057                +0.121%                  +0.61%
ITT    +0.484% 1.239           +0.0060                +0.112%                  +0.57%
MRVL   +0.298% 2.329           +0.0069                +0.112%                  +0.56%
STT    +0.471% 1.151           +0.0054                +0.107%                  +0.54%
CG     +0.300% 1.791           +0.0054                +0.105%                  +0.53%
ALB    +0.300% 1.739           +0.0052                +0.101%                  +0.51%
AMP    +0.438% 1.190           +0.0052                +0.100%                  +0.51%
IRM    +0.489% 1.049           +0.0051                +0.099%                  +0.50%
WSC    +0.267% 1.796           +0.0048                +0.099%                  +0.50%
LITE   +0.244% 2.377           +0.0058                +0.096%                  +0.49%
NTRS   +0.437% 1.141           +0.0050                +0.096%                  +0.48%
AROC   +0.386% 1.265           +0.0049                +0.096%                  +0.48%
HPQ    +0.359% 1.261           +0.0045                +0.094%                  +0.48%
EFX    +0.421% 1.053           +0.0044                +0.093%                  +0.47%
PNFP   +0.339% 1.272           +0.0043                +0.091%                  +0.46%

Risk contributions written to: C:\Users\FrancisWu\OneDrive - Five Dimensions Energy\Risk Framework\port_data\risk_contribution_long_positions_20260130.csv
